in_source: |
  section_program
  start:
    READ_PORT
    WRITE_PORT R4
    NOP
in_stdin: '"C","a","t"'
out_code: |
  Instruction counter: 0, READ_PORT []
  Instruction counter: 1, WRITE_PORT ['R4']
  Instruction counter: 2, NOP []
out_stdout: 'Cat'
out_log: |
  DEBUG    root:machine.py:234 READ_PORT [] {PC: 0, REG0: 0, REG1: , REG2: , REG3: , REG4: , REG5: , REG6: , REG7: , REG8: , REG9: , REG10: , REG11: , REG12: , REG13: , REG14: , REG15: , OUTPUT_PORT: []}
  DEBUG    root:machine.py:234 WRITE_PORT ['R4'] {PC: 1, REG0: 0, REG1: , REG2: , REG3: , REG4: Cat, REG5: , REG6: , REG7: , REG8: , REG9: , REG10: , REG11: , REG12: , REG13: , REG14: , REG15: , OUTPUT_PORT: []}
  DEBUG    root:machine.py:234 NOP [] {PC: 2, REG0: 0, REG1: , REG2: , REG3: , REG4: Cat, REG5: , REG6: , REG7: , REG8: , REG9: , REG10: , REG11: , REG12: , REG13: , REG14: , REG15: , OUTPUT_PORT: ['C', 'a', 't']}
